// Jest Snapshot v1, https://goo.gl/fbAQLP

exports[`Home Header renders 1`] = `"<img src=\\"/images/rd.png\\" class=\\"styles__Logo-sc-198cq94-1 dzztZJ\\"><div class=\\"styles__Links-sc-198cq94-2 iEyVpx\\"><a href=\\"#\\" class=\\"styles__Link-sc-198cq94-3 hUdcYn\\">HTML5</a><a href=\\"#\\" class=\\"styles__Link-sc-198cq94-3 hUdcYn\\">CSS3</a><a href=\\"#\\" class=\\"styles__Link-sc-198cq94-3 hUdcYn\\">JAVASCRIPT</a><a href=\\"#\\" class=\\"styles__Link-sc-198cq94-3 hUdcYn\\">REACT</a><a href=\\"#\\" class=\\"styles__Link-sc-198cq94-3 hUdcYn\\">REDUX</a></div>"`;

exports[`Home renders without crashing 1`] = `"<div class=\\"styles__Wrapper-sc-96wnlc-0 dcsTEj\\"><div class=\\"styles__Container-sc-96wnlc-1 fPSALL\\"><header data-testid=\\"header\\" class=\\"styles__Wrapper-sc-198cq94-0 jyYpTB\\"><img src=\\"/images/rd.png\\" class=\\"styles__Logo-sc-198cq94-1 dzztZJ\\"><div class=\\"styles__Links-sc-198cq94-2 iEyVpx\\"><a href=\\"#\\" class=\\"styles__Link-sc-198cq94-3 hUdcYn\\">HTML5</a><a href=\\"#\\" class=\\"styles__Link-sc-198cq94-3 hUdcYn\\">CSS3</a><a href=\\"#\\" class=\\"styles__Link-sc-198cq94-3 hUdcYn\\">JAVASCRIPT</a><a href=\\"#\\" class=\\"styles__Link-sc-198cq94-3 hUdcYn\\">REACT</a><a href=\\"#\\" class=\\"styles__Link-sc-198cq94-3 hUdcYn\\">REDUX</a></div></header></div></div>"`;
